// Jest Snapshot v1, https://goo.gl/fbAQLP

exports[`Home renders correctly 1`] = `
<div>
  <div
    className="container"
  >
    <video
      autoPlay={true}
      className="bgVideo"
      loop={true}
      muted={true}
    >
      <source
        src="Rice.mp4"
        type="video/mp4"
      />
    </video>
    <div
      className="caption"
    >
      <h1
        className="heading large_font"
      >
        TasteIt
      </h1>
      <h2
        className="heading medium_font"
      >
        TasteIt is the recipe app which is made in React22S group lessons
      </h2>
      <a
        className="heading"
        href="/recipes"
        onClick={[Function]}
      >
        <button
          className="button"
        >
          Browse recipes
        </button>
      </a>
    </div>
  </div>
  <div
    className="moreDetailsContainer"
  >
    <div
      className="moreDetails"
    >
      <h3>
        Browse recipe
      </h3>
      <p>
        Find your favorite in this collection. You can seatmm√∂,......
      </p>
      <a
        className=""
        href="/recipes"
        onClick={[Function]}
      >
        All recipes
      </a>
    </div>
    <div
      className="moreDetails"
    >
      <h3>
        Add recipe
      </h3>
      <p>
        Recipe from your country misssing...!! , no worries, you can add them now
      </p>
      <a
        className=""
        href="/addnewrecipes"
        onClick={[Function]}
      >
        Add new recipes
      </a>
    </div>
    <div
      className="moreDetails"
    >
      <h3>
        Want to know more about our projects
      </h3>
      <p>
        Visit our website
      </p>
      <a
        href="https://bc.fi"
        rel="noreferrer"
        target="_blank"
      >
        Business college helsinki homepage
      </a>
    </div>
  </div>
</div>
`;
